/Users/mac/wtrl/wind/U12.5_TI14_S3.bts 22617 KB
/Users/mac/wtrl/wind/U12.5_TI14_S4.bts 22617 KB
/Users/mac/wtrl/wind/U12.5_TI2_S1.bts 22617 KB
/Users/mac/wtrl/wind/U12.5_TI2_S2.bts 22617 KB
/Users/mac/wtrl/wind/U12.5_TI8_S1.bts 22617 KB
/Users/mac/wtrl/wind/U12.5_TI8_S2.bts 22617 KB
/Users/mac/wtrl/wind/U12.5_TI8_S3.bts 22617 KB
/Users/mac/wtrl/wind/U12.5_TI8_S4.bts 22617 KB
/Users/mac/wtrl/wind/U12.5_TI8_S5.bts 22617 KB
/Users/mac/wtrl/wind/U12.5_TI8_S6.bts 22617 KB
/Users/mac/wtrl/wind/U15_TI14_S3.bts 22617 KB
/Users/mac/wtrl/wind/U15_TI14_S4.bts 22617 KB
/Users/mac/wtrl/wind/U15_TI2_S1.bts 22617 KB
/Users/mac/wtrl/wind/U15_TI2_S2.bts 22617 KB
/Users/mac/wtrl/wind/U15_TI8_S1.bts 22617 KB
/Users/mac/wtrl/wind/U15_TI8_S2.bts 22617 KB
/Users/mac/wtrl/wind/U15_TI8_S3.bts 22617 KB
/Users/mac/wtrl/wind/U15_TI8_S4.bts 22617 KB
/Users/mac/wtrl/wind/U15_TI8_S5.bts 22617 KB
/Users/mac/wtrl/wind/U15_TI8_S6.bts 22617 KB
/Users/mac/wtrl/wind/U8_TI14_S3.bts 22617 KB
/Users/mac/wtrl/wind/U8_TI14_S4.bts 22617 KB
/Users/mac/wtrl/wind/U8_TI2_S1.bts 22617 KB
/Users/mac/wtrl/wind/U8_TI2_S2.bts 22617 KB
/Users/mac/wtrl/wind/U8_TI8_S1.bts 22617 KB
/Users/mac/wtrl/wind/U8_TI8_S2.bts 22617 KB
/Users/mac/wtrl/wind/U8_TI8_S3.bts 22617 KB
/Users/mac/wtrl/wind/U8_TI8_S4.bts 22617 KB
/Users/mac/wtrl/wind/U8_TI8_S5.bts 22617 KB
/Users/mac/wtrl/wind/U8_TI8_S6.bts 22617 KB
/Users/mac/wtrl/wind/U12.5_TI14_S3.bts 22617 KB
/Users/mac/wtrl/wind/U12.5_TI14_S4.bts 22617 KB
/Users/mac/wtrl/wind/U12.5_TI2_S1.bts 22617 KB
/Users/mac/wtrl/wind/U12.5_TI2_S2.bts 22617 KB
/Users/mac/wtrl/wind/U12.5_TI8_S1.bts 22617 KB
/Users/mac/wtrl/wind/U12.5_TI8_S2.bts 22617 KB
/Users/mac/wtrl/wind/U12.5_TI8_S3.bts 22617 KB
/Users/mac/wtrl/wind/U12.5_TI8_S4.bts 22617 KB
/Users/mac/wtrl/wind/U12.5_TI8_S5.bts 22617 KB
/Users/mac/wtrl/wind/U12.5_TI8_S6.bts 22617 KB
/Users/mac/wtrl/wind/U15_TI14_S3.bts 22617 KB
/Users/mac/wtrl/wind/U15_TI14_S4.bts 22617 KB
/Users/mac/wtrl/wind/U15_TI22_S3.bts 22617 KB
/Users/mac/wtrl/wind/U15_TI22_S4.bts 22617 KB
/Users/mac/wtrl/wind/U15_TI2_S1.bts 22617 KB
/Users/mac/wtrl/wind/U15_TI2_S2.bts 22617 KB
/Users/mac/wtrl/wind/U15_TI8_S1.bts 22617 KB
/Users/mac/wtrl/wind/U15_TI8_S2.bts 22617 KB
/Users/mac/wtrl/wind/U15_TI8_S3.bts 22617 KB
/Users/mac/wtrl/wind/U15_TI8_S4.bts 22617 KB
/Users/mac/wtrl/wind/U15_TI8_S5.bts 22617 KB
/Users/mac/wtrl/wind/U15_TI8_S6.bts 22617 KB
/Users/mac/wtrl/wind/U8_TI14_S3.bts 22617 KB
/Users/mac/wtrl/wind/U8_TI14_S4.bts 22617 KB
/Users/mac/wtrl/wind/U8_TI2_S1.bts 22617 KB
/Users/mac/wtrl/wind/U8_TI2_S2.bts 22617 KB
/Users/mac/wtrl/wind/U8_TI8_S1.bts 22617 KB
/Users/mac/wtrl/wind/U8_TI8_S2.bts 22617 KB
/Users/mac/wtrl/wind/U8_TI8_S3.bts 22617 KB
/Users/mac/wtrl/wind/U8_TI8_S4.bts 22617 KB
/Users/mac/wtrl/wind/U8_TI8_S5.bts 22617 KB
/Users/mac/wtrl/wind/U8_TI8_S6.bts 22617 KB
/Users/mac/wtrl/wind/U12.5_TI14_S3.bts 22617 KB
/Users/mac/wtrl/wind/U12.5_TI14_S4.bts 22617 KB
/Users/mac/wtrl/wind/U12.5_TI2_S1.bts 22617 KB
/Users/mac/wtrl/wind/U12.5_TI2_S2.bts 22617 KB
/Users/mac/wtrl/wind/U12.5_TI8_S1.bts 22617 KB
/Users/mac/wtrl/wind/U12.5_TI8_S2.bts 22617 KB
/Users/mac/wtrl/wind/U12.5_TI8_S3.bts 22617 KB
/Users/mac/wtrl/wind/U12.5_TI8_S4.bts 22617 KB
/Users/mac/wtrl/wind/U12.5_TI8_S5.bts 22617 KB
/Users/mac/wtrl/wind/U12.5_TI8_S6.bts 22617 KB
/Users/mac/wtrl/wind/U15_TI14_S3.bts 22617 KB
/Users/mac/wtrl/wind/U15_TI14_S4.bts 22617 KB
/Users/mac/wtrl/wind/U15_TI22_S3.bts 22617 KB
/Users/mac/wtrl/wind/U15_TI22_S4.bts 22617 KB
/Users/mac/wtrl/wind/U15_TI2_S1.bts 22617 KB
/Users/mac/wtrl/wind/U15_TI2_S2.bts 22617 KB
/Users/mac/wtrl/wind/U15_TI8_S1.bts 22617 KB
/Users/mac/wtrl/wind/U15_TI8_S2.bts 22617 KB
/Users/mac/wtrl/wind/U15_TI8_S3.bts 22617 KB
/Users/mac/wtrl/wind/U15_TI8_S4.bts 22617 KB
/Users/mac/wtrl/wind/U15_TI8_S5.bts 22617 KB
/Users/mac/wtrl/wind/U15_TI8_S6.bts 22617 KB
/Users/mac/wtrl/wind/U18_TI8_S3.bts 22617 KB
/Users/mac/wtrl/wind/U18_TI8_S4.bts 22617 KB
/Users/mac/wtrl/wind/U8_TI14_S3.bts 22617 KB
/Users/mac/wtrl/wind/U8_TI14_S4.bts 22617 KB
/Users/mac/wtrl/wind/U8_TI2_S1.bts 22617 KB
/Users/mac/wtrl/wind/U8_TI2_S2.bts 22617 KB
/Users/mac/wtrl/wind/U8_TI8_S1.bts 22617 KB
/Users/mac/wtrl/wind/U8_TI8_S2.bts 22617 KB
/Users/mac/wtrl/wind/U8_TI8_S3.bts 22617 KB
/Users/mac/wtrl/wind/U8_TI8_S4.bts 22617 KB
/Users/mac/wtrl/wind/U8_TI8_S5.bts 22617 KB
/Users/mac/wtrl/wind/U8_TI8_S6.bts 22617 KB
      U8_TI14_S3  P= 1.52 MW  pitch= 0.00 deg  M= 5.12 MNm  R3=0.00
   U12.5_TI14_S3  P= 4.44 MW  pitch= 4.47 deg  M= 7.36 MNm  R3=0.39
     U15_TI14_S3  P= 4.96 MW  pitch= 8.86 deg  M= 6.10 MNm  R3=0.75
      U8_TI14_S4  P= 1.61 MW  pitch= 0.00 deg  M= 5.30 MNm  R3=0.00
   U12.5_TI14_S4  P= 4.53 MW  pitch= 4.85 deg  M= 7.26 MNm  R3=0.34
     U15_TI14_S4  P= 4.99 MW  pitch= 9.32 deg  M= 5.95 MNm  R3=0.84
baselines written to /Users/mac/wtrl/baselines/openfast
     U15_TI22_S3  P= 4.72 MW  pitch= 8.83 deg  M= 5.89 MNm  R3=0.67
     U15_TI22_S4  P= 4.85 MW  pitch= 9.39 deg  M= 5.78 MNm  R3=0.64
baselines written to /Users/mac/wtrl/baselines/openfast
      U18_TI8_S3  P= 5.00 MW  pitch=13.92 deg  M= 4.57 MNm  R3=1.00
      U18_TI8_S4  P= 5.00 MW  pitch=14.15 deg  M= 4.51 MNm  R3=1.00
baselines written to /Users/mac/wtrl/baselines/openfast
ROBUST_BANK_DONE
