=== sched2_ep_s0  Tue Sep  1 23:30:04 CST 2026 ===
[init] F=0.02 DELred=0.02% Eloss=0.00% spd=0.999
[eval] ep 32: F=-71.56 DELred=14.97% Eloss=0.11% spd=1.043 tier=degraded F_tol2=-31.56 (73s)
[sup ] schedule: dbeta_max_R2: 0.05->0.025, dbeta_max_R3: 0.05->0.02 | schedule entry @ep 32
[eval] ep 64: F=9.02 DELred=9.02% Eloss=0.09% spd=0.986 tier=strict F_tol2=9.02 (74s)
[sup ] schedule: no change  [REJECTED] | schedule: no change
[eval] ep 96: F=13.44 DELred=13.44% Eloss=0.09% spd=0.965 tier=strict F_tol2=13.44 (77s)
[sup ] schedule: lambda_load_R3: 1->1.3, w_speed: 20->25, dbeta_max_R2: 0.025->0.05, dbeta_max_R3: 0.02->0.04 | schedule entry @ep 88
[eval] ep 120: F=15.68 DELred=15.68% Eloss=0.29% spd=0.964 tier=strict F_tol2=15.68 (78s)
[sup ] schedule: no change  [REJECTED] | schedule: no change
[eval] ep 152: F=19.43 DELred=19.43% Eloss=0.45% spd=0.952 tier=strict F_tol2=19.43 (77s)
[sup ] schedule: lambda_load_R2: 1->1.5, lambda_load_R3: 1.3->2.6, w_power: 220->200, w_speed: 25->50, dbeta_max_R2: 0.05->0.045, dbeta_max_R3: 0.04->0.028 | schedule entry @ep 144
[eval] ep 184: F=2.36 DELred=22.24% Eloss=0.59% spd=1.010 tier=tol2 F_tol2=22.24 (78s)
[sup ] schedule: no change  [REJECTED] | schedule: no change
[sup ] ROLLBACK to best state @ep 152 (F -34.14 < 19.43 - 5.0)
[eval] ep 216: F=19.43 DELred=18.90% Eloss=0.75% spd=1.027 tier=degraded F_tol2=5.86 (78s)
[sup ] schedule: lambda_load_R2: 1->3, lambda_load_R3: 1.3->2.6, w_power: 220->150, w_speed: 25->50, dbeta_max_R2: 0.05->0.06, dbeta_max_R3: 0.04->0.028 | schedule entry @ep 200
[eval] ep 240: F=18.13 DELred=18.13% Eloss=0.66% spd=0.966 tier=strict F_tol2=18.13 (78s)
[sup ] schedule: no change  [REJECTED] | schedule: no change
[eval] ep 272: F=20.55 DELred=20.55% Eloss=0.74% spd=0.917 tier=strict F_tol2=20.55 (77s)
[sup ] schedule: lambda_load_R2: 3->2, lambda_load_R3: 2.6->3, w_speed: 50->80, dbeta_max_R3: 0.028->0.02 | schedule entry @ep 256
[eval] ep 300: F=18.05 DELred=18.05% Eloss=0.80% spd=0.960 tier=strict F_tol2=18.05 (73s)
done in 79.6 min -> /Users/mac/wtrl/exp/sched2_ep_s0
--- eval sched2_ep_s0 ckpt_best.pt  Wed Sep  2 00:49:45 CST 2026 ---
sched2_ep_s0 [heldout_s3456_ckpt_best] target=tower F_strict=14.06 F_tol2=14.06 tier=strict  DELred=14.06%  Eloss=0.63%  spd_ratio=0.980
--- eval sched2_ep_s0 ckpt_last.pt  Wed Sep  2 00:53:13 CST 2026 ---
sched2_ep_s0 [heldout_s3456_ckpt_last] target=tower F_strict=-25.10 F_tol2=14.22 tier=tol2  DELred=14.22%  Eloss=0.68%  spd_ratio=1.020
=== sched2_comp_s0  Wed Sep  2 00:56:40 CST 2026 ===
[init] F=0.02 DELred=0.02% Eloss=0.00% spd=0.999
[eval] ep 32: F=-71.56 DELred=14.97% Eloss=0.11% spd=1.043 tier=degraded F_tol2=-31.56 (78s)
[sup ] schedule_comp: dbeta_max_R2: 0.05->0.025, dbeta_max_R3: 0.05->0.02 | schedule_comp entry 1/5 via gate (F -71.6 vs gate -131.2, ep 32 vs donor 32)
[eval] ep 64: F=9.02 DELred=9.02% Eloss=0.09% spd=0.986 tier=strict F_tol2=9.02 (79s)
[sup ] schedule_comp: lambda_load_R3: 1->1.3, w_speed: 20->25, dbeta_max_R2: 0.025->0.05, dbeta_max_R3: 0.02->0.04 | schedule_comp entry 2/5 via gate (F 9.0 vs gate -148.1, ep 64 vs donor 88)
[eval] ep 96: F=17.50 DELred=17.50% Eloss=0.24% spd=0.998 tier=strict F_tol2=17.50 (79s)
[sup ] schedule_comp: lambda_load_R2: 1->1.5, lambda_load_R3: 1.3->2.6, w_power: 220->200, w_speed: 25->50, dbeta_max_R2: 0.05->0.045, dbeta_max_R3: 0.04->0.028 | schedule_comp entry 3/5 via gate (F 17.5 vs gate 17.5, ep 96 vs donor 144)
[eval] ep 120: F=17.84 DELred=17.84% Eloss=0.30% spd=1.000 tier=strict F_tol2=17.84 (79s)
[sup ] schedule_comp: no change  [REJECTED] | schedule_comp: waiting for entry 4/5 (F 17.8 < gate 19.0, fallback @ep 260)
[eval] ep 152: F=19.59 DELred=19.59% Eloss=0.43% spd=0.955 tier=strict F_tol2=19.59 (78s)
[sup ] schedule_comp: lambda_load_R2: 1.5->3, w_power: 200->150, dbeta_max_R2: 0.045->0.06 | schedule_comp entry 4/5 via gate (F 19.6 vs gate 19.0, ep 152 vs donor 200)
[eval] ep 184: F=17.56 DELred=17.56% Eloss=0.80% spd=0.990 tier=strict F_tol2=17.56 (78s)
[sup ] schedule_comp: lambda_load_R2: 3->2, lambda_load_R3: 2.6->3, w_speed: 50->80, dbeta_max_R3: 0.028->0.02 | schedule_comp entry 5/5 via gate (F 17.6 vs gate -1.4, ep 184 vs donor 256)
[sup ] ROLLBACK to best state @ep 152 (F 17.04 < 19.59 - 5.0)
[eval] ep 216: F=19.59 DELred=17.55% Eloss=1.03% spd=0.966 tier=degraded F_tol2=17.04 (77s)
[sup ] schedule_comp: no change  [REJECTED] | schedule_comp: exhausted
[eval] ep 240: F=16.54 DELred=16.54% Eloss=0.46% spd=0.973 tier=strict F_tol2=16.54 (78s)
[sup ] schedule_comp: no change  [REJECTED] | schedule_comp: exhausted
[eval] ep 272: F=18.38 DELred=18.38% Eloss=0.52% spd=0.918 tier=strict F_tol2=18.38 (77s)
[sup ] schedule_comp: no change  [REJECTED] | schedule_comp: exhausted
[eval] ep 300: F=16.84 DELred=16.84% Eloss=0.62% spd=0.961 tier=strict F_tol2=16.84 (73s)
done in 81.0 min -> /Users/mac/wtrl/exp/sched2_comp_s0
--- eval sched2_comp_s0 ckpt_best.pt  Wed Sep  2 02:17:49 CST 2026 ---
sched2_comp_s0 [heldout_s3456_ckpt_best] target=tower F_strict=14.61 F_tol2=14.61 tier=strict  DELred=14.61%  Eloss=0.34%  spd_ratio=0.960
--- eval sched2_comp_s0 ckpt_last.pt  Wed Sep  2 02:21:17 CST 2026 ---
sched2_comp_s0 [heldout_s3456_ckpt_last] target=tower F_strict=-104.73 F_tol2=-64.73 tier=degraded  DELred=3.89%  Eloss=0.53%  spd_ratio=1.054
=== sched2_ep_s1  Wed Sep  2 02:24:45 CST 2026 ===
[init] F=-0.57 DELred=-0.01% Eloss=0.00% spd=1.000
[eval] ep 32: F=-109.32 DELred=7.60% Eloss=0.09% spd=1.058 tier=degraded F_tol2=-69.32 (78s)
[sup ] schedule: dbeta_max_R2: 0.05->0.025, dbeta_max_R3: 0.05->0.02 | schedule entry @ep 32
[eval] ep 64: F=-2.11 DELred=8.39% Eloss=0.09% spd=1.005 tier=tol2 F_tol2=8.39 (78s)
[sup ] schedule: no change  [REJECTED] | schedule: no change
[eval] ep 96: F=-6.13 DELred=16.80% Eloss=0.12% spd=1.011 tier=tol2 F_tol2=16.80 (78s)
[sup ] schedule: lambda_load_R3: 1->1.3, w_speed: 20->25, dbeta_max_R2: 0.025->0.05, dbeta_max_R3: 0.02->0.04 | schedule entry @ep 88
[sup ] ROLLBACK to best state @ep 0 (F -23.77 < -0.57 - 5.0)
[eval] ep 120: F=-0.57 DELred=18.45% Eloss=0.30% spd=1.021 tier=degraded F_tol2=16.23 (78s)
[sup ] schedule: no change  [REJECTED] | schedule: no change
[eval] ep 152: F=11.87 DELred=11.87% Eloss=0.09% spd=0.958 tier=strict F_tol2=11.87 (78s)
[sup ] schedule: lambda_load_R2: 1->1.5, lambda_load_R3: 1->2.6, w_power: 220->200, w_speed: 20->50, dbeta_max_R2: 0.05->0.045, dbeta_max_R3: 0.05->0.028 | schedule entry @ep 144
[eval] ep 184: F=16.49 DELred=16.49% Eloss=0.13% spd=0.961 tier=strict F_tol2=16.49 (78s)
[sup ] schedule: no change  [REJECTED] | schedule: no change
[eval] ep 216: F=21.81 DELred=21.81% Eloss=0.26% spd=0.952 tier=strict F_tol2=21.81 (77s)
[sup ] schedule: lambda_load_R2: 1.5->3, w_power: 200->150, dbeta_max_R2: 0.045->0.06 | schedule entry @ep 200
[eval] ep 240: F=17.03 DELred=17.03% Eloss=0.39% spd=0.951 tier=strict F_tol2=17.03 (78s)
[sup ] schedule: no change  [REJECTED] | schedule: no change
[eval] ep 272: F=26.18 DELred=26.18% Eloss=0.63% spd=0.902 tier=strict F_tol2=26.18 (78s)
[sup ] schedule: lambda_load_R2: 3->2, lambda_load_R3: 2.6->3, w_speed: 50->80, dbeta_max_R3: 0.028->0.02 | schedule entry @ep 256
[eval] ep 300: F=25.88 DELred=25.88% Eloss=0.74% spd=0.955 tier=strict F_tol2=25.88 (74s)
done in 81.1 min -> /Users/mac/wtrl/exp/sched2_ep_s1
--- eval sched2_ep_s1 ckpt_best.pt  Wed Sep  2 03:45:57 CST 2026 ---
sched2_ep_s1 [heldout_s3456_ckpt_best] target=tower F_strict=20.09 F_tol2=20.09 tier=strict  DELred=20.09%  Eloss=0.52%  spd_ratio=0.906
--- eval sched2_ep_s1 ckpt_last.pt  Wed Sep  2 03:49:24 CST 2026 ---
sched2_ep_s1 [heldout_s3456_ckpt_last] target=tower F_strict=20.20 F_tol2=20.20 tier=strict  DELred=20.20%  Eloss=0.61%  spd_ratio=0.940
=== sched2_comp_s1  Wed Sep  2 03:52:51 CST 2026 ===
[init] F=-0.57 DELred=-0.01% Eloss=0.00% spd=1.000
[eval] ep 32: F=-109.32 DELred=7.60% Eloss=0.09% spd=1.058 tier=degraded F_tol2=-69.32 (79s)
[sup ] schedule_comp: dbeta_max_R2: 0.05->0.025, dbeta_max_R3: 0.05->0.02 | schedule_comp entry 1/5 via gate (F -109.3 vs gate -131.2, ep 32 vs donor 32)
[eval] ep 64: F=-2.11 DELred=8.39% Eloss=0.09% spd=1.005 tier=tol2 F_tol2=8.39 (78s)
[sup ] schedule_comp: lambda_load_R3: 1->1.3, w_speed: 20->25, dbeta_max_R2: 0.025->0.05, dbeta_max_R3: 0.02->0.04 | schedule_comp entry 2/5 via gate (F -2.1 vs gate -148.1, ep 64 vs donor 88)
[sup ] ROLLBACK to best state @ep 0 (F -169.94 < -0.57 - 5.0)
[eval] ep 96: F=-0.57 DELred=18.52% Eloss=0.32% spd=1.094 tier=degraded F_tol2=-129.94 (78s)
[sup ] schedule_comp: no change  [REJECTED] | schedule_comp: waiting for entry 3/5 (F -0.6 < gate 17.5, fallback @ep 204)
[sup ] ROLLBACK to best state @ep 0 (F -75.02 < -0.57 - 5.0)
[eval] ep 120: F=-0.57 DELred=6.50% Eloss=0.08% spd=1.041 tier=degraded F_tol2=-35.02 (79s)
[sup ] schedule_comp: no change  [REJECTED] | schedule_comp: waiting for entry 3/5 (F -0.6 < gate 17.5, fallback @ep 204)
[eval] ep 152: F=11.59 DELred=11.59% Eloss=0.09% spd=0.951 tier=strict F_tol2=11.59 (78s)
[sup ] schedule_comp: no change  [REJECTED] | schedule_comp: waiting for entry 3/5 (F 11.6 < gate 17.5, fallback @ep 204)
[eval] ep 184: F=18.73 DELred=18.73% Eloss=0.17% spd=0.970 tier=strict F_tol2=18.73 (78s)
[sup ] schedule_comp: lambda_load_R2: 1->1.5, lambda_load_R3: 1->2.6, w_power: 220->200, w_speed: 20->50, dbeta_max_R2: 0.05->0.045, dbeta_max_R3: 0.05->0.028 | schedule_comp entry 3/5 via gate (F 18.7 vs gate 17.5, ep 184 vs donor 144)
[eval] ep 216: F=19.75 DELred=19.75% Eloss=0.28% spd=0.998 tier=strict F_tol2=19.75 (77s)
[sup ] schedule_comp: lambda_load_R2: 1.5->3, w_power: 200->150, dbeta_max_R2: 0.045->0.06 | schedule_comp entry 4/5 via gate (F 19.8 vs gate 19.0, ep 216 vs donor 200)
[eval] ep 240: F=13.59 DELred=20.81% Eloss=0.43% spd=1.004 tier=tol2 F_tol2=20.81 (78s)
[sup ] schedule_comp: lambda_load_R2: 3->2, lambda_load_R3: 2.6->3, w_speed: 50->80, dbeta_max_R3: 0.028->0.02 | schedule_comp entry 5/5 via gate (F 13.6 vs gate -1.4, ep 240 vs donor 256)
[eval] ep 272: F=26.16 DELred=26.16% Eloss=0.65% spd=0.944 tier=strict F_tol2=26.16 (77s)
[sup ] schedule_comp: no change  [REJECTED] | schedule_comp: exhausted
[eval] ep 300: F=25.04 DELred=25.04% Eloss=0.75% spd=0.971 tier=strict F_tol2=25.04 (73s)
done in 81.1 min -> /Users/mac/wtrl/exp/sched2_comp_s1
--- eval sched2_comp_s1 ckpt_best.pt  Wed Sep  2 05:14:07 CST 2026 ---
sched2_comp_s1 [heldout_s3456_ckpt_best] target=tower F_strict=20.03 F_tol2=20.03 tier=strict  DELred=20.03%  Eloss=0.54%  spd_ratio=0.933
--- eval sched2_comp_s1 ckpt_last.pt  Wed Sep  2 05:17:34 CST 2026 ---
sched2_comp_s1 [heldout_s3456_ckpt_last] target=tower F_strict=19.22 F_tol2=19.22 tier=strict  DELred=19.22%  Eloss=0.61%  spd_ratio=0.954
=== sched2_ep_s2  Wed Sep  2 05:21:01 CST 2026 ===
[init] F=-0.01 DELred=-0.01% Eloss=0.00% spd=1.000
[eval] ep 32: F=19.87 DELred=19.87% Eloss=0.21% spd=0.984 tier=strict F_tol2=19.87 (78s)
[sup ] schedule: dbeta_max_R2: 0.05->0.025, dbeta_max_R3: 0.05->0.02 | schedule entry @ep 32
[sup ] ROLLBACK to best state @ep 32 (F -34.11 < 19.87 - 5.0)
[eval] ep 64: F=19.87 DELred=17.67% Eloss=0.15% spd=1.026 tier=degraded F_tol2=5.89 (77s)
[sup ] schedule: no change  [REJECTED] | schedule: no change
[eval] ep 96: F=14.28 DELred=19.22% Eloss=0.28% spd=1.002 tier=tol2 F_tol2=19.22 (79s)
[sup ] schedule: lambda_load_R3: 1->1.3, w_speed: 20->25, dbeta_max_R3: 0.05->0.04 | schedule entry @ep 88
[sup ] ROLLBACK to best state @ep 32 (F -77.35 < 19.87 - 5.0)
[eval] ep 120: F=19.87 DELred=17.65% Eloss=0.40% spd=1.047 tier=degraded F_tol2=-37.35 (78s)
[sup ] schedule: no change  [REJECTED] | schedule: no change
[eval] ep 152: F=2.70 DELred=20.96% Eloss=0.20% spd=1.009 tier=tol2 F_tol2=20.96 (77s)
[sup ] schedule: lambda_load_R2: 1->1.5, lambda_load_R3: 1->2.6, w_power: 220->200, w_speed: 20->50, dbeta_max_R2: 0.05->0.045, dbeta_max_R3: 0.05->0.028 | schedule entry @ep 144
[eval] ep 184: F=20.29 DELred=20.29% Eloss=0.20% spd=0.987 tier=strict F_tol2=20.29 (78s)
[sup ] schedule: no change  [REJECTED] | schedule: no change
[eval] ep 216: F=19.08 DELred=19.08% Eloss=0.30% spd=0.999 tier=strict F_tol2=19.08 (78s)
[sup ] schedule: lambda_load_R2: 1.5->3, w_power: 200->150, dbeta_max_R2: 0.045->0.06 | schedule entry @ep 200
[sup ] ROLLBACK to best state @ep 184 (F -91.55 < 20.29 - 5.0)
[eval] ep 240: F=20.29 DELred=18.99% Eloss=0.37% spd=1.055 tier=degraded F_tol2=-51.55 (79s)
[sup ] schedule: no change  [REJECTED] | schedule: no change
[sup ] ROLLBACK to best state @ep 184 (F -105.28 < 20.29 - 5.0)
[eval] ep 272: F=20.29 DELred=17.81% Eloss=0.23% spd=1.062 tier=degraded F_tol2=-65.28 (79s)
[sup ] schedule: lambda_load_R2: 1.5->2, lambda_load_R3: 2.6->3, w_power: 200->150, w_speed: 50->80, dbeta_max_R2: 0.045->0.06, dbeta_max_R3: 0.028->0.02 | schedule entry @ep 256
[eval] ep 300: F=19.94 DELred=19.94% Eloss=0.34% spd=0.998 tier=strict F_tol2=19.94 (76s)
done in 81.3 min -> /Users/mac/wtrl/exp/sched2_ep_s2
--- eval sched2_ep_s2 ckpt_best.pt  Wed Sep  2 06:42:23 CST 2026 ---
sched2_ep_s2 [heldout_s3456_ckpt_best] target=tower F_strict=13.80 F_tol2=13.80 tier=strict  DELred=13.80%  Eloss=0.14%  spd_ratio=0.993
--- eval sched2_ep_s2 ckpt_last.pt  Wed Sep  2 06:45:52 CST 2026 ---
sched2_ep_s2 [heldout_s3456_ckpt_last] target=tower F_strict=13.15 F_tol2=17.11 tier=tol2  DELred=17.11%  Eloss=0.26%  spd_ratio=1.002
=== sched2_comp_s2  Wed Sep  2 06:49:19 CST 2026 ===
[init] F=-0.01 DELred=-0.01% Eloss=0.00% spd=1.000
[eval] ep 32: F=19.87 DELred=19.87% Eloss=0.21% spd=0.984 tier=strict F_tol2=19.87 (77s)
[sup ] schedule_comp: dbeta_max_R2: 0.05->0.025, dbeta_max_R3: 0.05->0.02 | schedule_comp entry 1/5 via gate (F 19.9 vs gate -131.2, ep 32 vs donor 32)
[sup ] ROLLBACK to best state @ep 32 (F -34.11 < 19.87 - 5.0)
[eval] ep 64: F=19.87 DELred=17.67% Eloss=0.15% spd=1.026 tier=degraded F_tol2=5.89 (78s)
[sup ] schedule_comp: lambda_load_R3: 1->1.3, w_speed: 20->25, dbeta_max_R3: 0.05->0.04 | schedule_comp entry 2/5 via gate (F 19.9 vs gate -148.1, ep 64 vs donor 88)
[eval] ep 96: F=-3.56 DELred=18.47% Eloss=0.28% spd=1.011 tier=tol2 F_tol2=18.47 (76s)
[sup ] schedule_comp: no change  [REJECTED] | schedule_comp: waiting for entry 3/5 (F -3.6 < gate 17.5, fallback @ep 204)
[sup ] ROLLBACK to best state @ep 32 (F -93.30 < 19.87 - 5.0)
[eval] ep 120: F=19.87 DELred=17.93% Eloss=0.41% spd=1.056 tier=degraded F_tol2=-53.30 (77s)
[sup ] schedule_comp: lambda_load_R2: 1->1.5, lambda_load_R3: 1->2.6, w_power: 220->200, w_speed: 20->50, dbeta_max_R2: 0.05->0.045, dbeta_max_R3: 0.05->0.028 | schedule_comp entry 3/5 via gate (F 19.9 vs gate 17.5, ep 120 vs donor 144)
[eval] ep 152: F=-9.79 DELred=20.40% Eloss=0.18% spd=1.015 tier=tol2 F_tol2=20.40 (76s)
[sup ] schedule_comp: no change  [REJECTED] | schedule_comp: waiting for entry 4/5 (F -9.8 < gate 19.0, fallback @ep 260)
[eval] ep 184: F=-0.49 DELred=19.19% Eloss=0.21% spd=1.010 tier=tol2 F_tol2=19.19 (76s)
[sup ] schedule_comp: no change  [REJECTED] | schedule_comp: waiting for entry 4/5 (F -0.5 < gate 19.0, fallback @ep 260)
[sup ] ROLLBACK to best state @ep 32 (F -28.04 < 19.87 - 5.0)
[eval] ep 216: F=19.87 DELred=18.91% Eloss=0.35% spd=1.023 tier=degraded F_tol2=11.96 (75s)
[sup ] schedule_comp: lambda_load_R2: 1->3, lambda_load_R3: 1->2.6, w_power: 220->150, w_speed: 20->50, dbeta_max_R2: 0.05->0.06, dbeta_max_R3: 0.05->0.028 | schedule_comp entry 4/5 via gate (F 19.9 vs gate 19.0, ep 216 vs donor 200)
[sup ] ROLLBACK to best state @ep 32 (F -37.98 < 19.87 - 5.0)
[eval] ep 240: F=19.87 DELred=19.79% Eloss=0.26% spd=1.029 tier=degraded F_tol2=2.02 (76s)
[sup ] schedule_comp: lambda_load_R2: 1->2, lambda_load_R3: 1->3, w_power: 220->150, w_speed: 20->60, dbeta_max_R2: 0.05->0.06, dbeta_max_R3: 0.05->0.02 | schedule_comp entry 5/5 via gate (F 19.9 vs gate -1.4, ep 240 vs donor 256)
[sup ] ROLLBACK to best state @ep 32 (F -59.08 < 19.87 - 5.0)
[eval] ep 272: F=19.87 DELred=20.18% Eloss=0.24% spd=1.040 tier=degraded F_tol2=-19.08 (76s)
[sup ] schedule_comp: no change  [REJECTED] | schedule_comp: exhausted
[sup ] ROLLBACK to best state @ep 32 (F -244.71 < 19.87 - 5.0)
[eval] ep 300: F=19.87 DELred=12.35% Eloss=0.22% spd=1.129 tier=degraded F_tol2=-204.71 (73s)
done in 80.0 min -> /Users/mac/wtrl/exp/sched2_comp_s2
--- eval sched2_comp_s2 ckpt_best.pt  Wed Sep  2 08:09:26 CST 2026 ---
sched2_comp_s2 [heldout_s3456_ckpt_best] target=tower F_strict=13.37 F_tol2=13.37 tier=strict  DELred=13.37%  Eloss=0.15%  spd_ratio=0.997
--- eval sched2_comp_s2 ckpt_last.pt  Wed Sep  2 08:12:54 CST 2026 ---
sched2_comp_s2 [heldout_s3456_ckpt_last] target=tower F_strict=-222.87 F_tol2=-182.87 tier=degraded  DELred=6.00%  Eloss=0.17%  spd_ratio=1.114
=== sched2_ep_s3  Wed Sep  2 08:16:21 CST 2026 ===
[init] F=0.11 DELred=0.12% Eloss=0.00% spd=1.000
[eval] ep 32: F=-131.15 DELred=12.38% Eloss=0.22% spd=1.072 tier=degraded F_tol2=-91.15 (74s)
[sup ] schedule: dbeta_max_R2: 0.05->0.025, dbeta_max_R3: 0.05->0.02 | schedule entry @ep 32
[sup ] ROLLBACK to best state @ep 0 (F -91.32 < 0.11 - 5.0)
[eval] ep 64: F=0.11 DELred=15.60% Eloss=0.13% spd=1.053 tier=degraded F_tol2=-51.32 (59s)
[sup ] schedule: no change  [REJECTED] | schedule: no change
[eval] ep 96: F=15.97 DELred=15.97% Eloss=0.11% spd=0.999 tier=strict F_tol2=15.97 (62s)
[sup ] schedule: lambda_load_R3: 1->1.3, w_speed: 20->25, dbeta_max_R3: 0.05->0.04 | schedule entry @ep 88
[eval] ep 120: F=0.63 DELred=18.73% Eloss=0.20% spd=1.009 tier=tol2 F_tol2=18.73 (59s)
[sup ] schedule: no change  [REJECTED] | schedule: no change
[sup ] ROLLBACK to best state @ep 96 (F -96.56 < 15.97 - 5.0)
[eval] ep 152: F=15.97 DELred=17.09% Eloss=0.33% spd=1.057 tier=degraded F_tol2=-56.56 (60s)
[sup ] schedule: lambda_load_R2: 1->1.5, lambda_load_R3: 1->2.6, w_power: 220->200, w_speed: 20->50, dbeta_max_R2: 0.05->0.045, dbeta_max_R3: 0.05->0.028 | schedule entry @ep 144
[eval] ep 184: F=19.92 DELred=19.92% Eloss=0.21% spd=0.990 tier=strict F_tol2=19.92 (59s)
[sup ] schedule: no change  [REJECTED] | schedule: no change
[eval] ep 216: F=18.85 DELred=18.85% Eloss=0.26% spd=0.988 tier=strict F_tol2=18.85 (73s)
[sup ] schedule: lambda_load_R2: 1.5->3, w_power: 200->150, dbeta_max_R2: 0.045->0.06 | schedule entry @ep 200
[sup ] ROLLBACK to best state @ep 184 (F -78.65 < 19.92 - 5.0)
[eval] ep 240: F=19.92 DELred=18.63% Eloss=0.48% spd=1.049 tier=degraded F_tol2=-38.65 (74s)
[sup ] schedule: no change  [REJECTED] | schedule: no change
[eval] ep 272: F=19.10 DELred=19.10% Eloss=0.26% spd=0.963 tier=strict F_tol2=19.10 (73s)
[sup ] schedule: lambda_load_R2: 1.5->2, lambda_load_R3: 2.6->3, w_power: 200->150, w_speed: 50->80, dbeta_max_R2: 0.045->0.06, dbeta_max_R3: 0.028->0.02 | schedule entry @ep 256
[eval] ep 300: F=24.14 DELred=24.14% Eloss=0.47% spd=0.987 tier=strict F_tol2=24.14 (73s)
done in 68.8 min -> /Users/mac/wtrl/exp/sched2_ep_s3
--- eval sched2_ep_s3 ckpt_best.pt  Wed Sep  2 09:25:14 CST 2026 ---
sched2_ep_s3 [heldout_s3456_ckpt_best] target=tower F_strict=18.78 F_tol2=18.78 tier=strict  DELred=18.78%  Eloss=0.38%  spd_ratio=0.982
--- eval sched2_ep_s3 ckpt_last.pt  Wed Sep  2 09:28:51 CST 2026 ---
sched2_ep_s3 [heldout_s3456_ckpt_last] target=tower F_strict=18.78 F_tol2=18.78 tier=strict  DELred=18.78%  Eloss=0.38%  spd_ratio=0.982
=== sched2_comp_s3  Wed Sep  2 09:32:17 CST 2026 ===
[init] F=0.11 DELred=0.12% Eloss=0.00% spd=1.000
[eval] ep 32: F=-131.15 DELred=12.38% Eloss=0.22% spd=1.072 tier=degraded F_tol2=-91.15 (73s)
[sup ] schedule_comp: dbeta_max_R2: 0.05->0.025, dbeta_max_R3: 0.05->0.02 | schedule_comp entry 1/5 via gate (F -131.2 vs gate -131.2, ep 32 vs donor 32)
[sup ] ROLLBACK to best state @ep 0 (F -91.32 < 0.11 - 5.0)
[eval] ep 64: F=0.11 DELred=15.60% Eloss=0.13% spd=1.053 tier=degraded F_tol2=-51.32 (73s)
[sup ] schedule_comp: lambda_load_R3: 1->1.3, w_speed: 20->25, dbeta_max_R3: 0.05->0.04 | schedule_comp entry 2/5 via gate (F 0.1 vs gate -148.1, ep 64 vs donor 88)
[eval] ep 96: F=16.99 DELred=16.99% Eloss=0.11% spd=0.991 tier=strict F_tol2=16.99 (72s)
[sup ] schedule_comp: no change  [REJECTED] | schedule_comp: waiting for entry 3/5 (F 17.0 < gate 17.5, fallback @ep 204)
[eval] ep 120: F=19.02 DELred=19.02% Eloss=0.20% spd=0.994 tier=strict F_tol2=19.02 (73s)
[sup ] schedule_comp: lambda_load_R2: 1->1.5, lambda_load_R3: 1.3->2.6, w_power: 220->200, w_speed: 25->50, dbeta_max_R2: 0.05->0.045, dbeta_max_R3: 0.04->0.028 | schedule_comp entry 3/5 via gate (F 19.0 vs gate 17.5, ep 120 vs donor 144)
[eval] ep 152: F=18.68 DELred=18.68% Eloss=0.26% spd=0.981 tier=strict F_tol2=18.68 (73s)
[sup ] schedule_comp: no change  [REJECTED] | schedule_comp: waiting for entry 4/5 (F 18.7 < gate 19.0, fallback @ep 260)
[eval] ep 184: F=22.11 DELred=22.11% Eloss=0.39% spd=0.956 tier=strict F_tol2=22.11 (73s)
[sup ] schedule_comp: lambda_load_R2: 1.5->3, w_power: 200->150, dbeta_max_R2: 0.045->0.06 | schedule_comp entry 4/5 via gate (F 22.1 vs gate 19.0, ep 184 vs donor 200)
[eval] ep 216: F=22.08 DELred=22.08% Eloss=0.64% spd=0.963 tier=strict F_tol2=22.08 (73s)
[sup ] schedule_comp: lambda_load_R2: 3->2, lambda_load_R3: 2.6->3, w_speed: 50->80, dbeta_max_R3: 0.028->0.02 | schedule_comp entry 5/5 via gate (F 22.1 vs gate -1.4, ep 216 vs donor 256)
[eval] ep 240: F=20.94 DELred=20.94% Eloss=0.84% spd=0.974 tier=strict F_tol2=20.94 (74s)
[sup ] schedule_comp: no change  [REJECTED] | schedule_comp: exhausted
[sup ] ROLLBACK to best state @ep 184 (F 22.40 < 22.11 - 5.0)
[eval] ep 272: F=22.11 DELred=24.45% Eloss=1.10% spd=0.970 tier=degraded F_tol2=22.40 (74s)
[sup ] schedule_comp: no change  [REJECTED] | schedule_comp: exhausted
[eval] ep 300: F=10.84 DELred=22.38% Eloss=0.46% spd=1.006 tier=tol2 F_tol2=22.38 (74s)
done in 74.7 min -> /Users/mac/wtrl/exp/sched2_comp_s3
--- eval sched2_comp_s3 ckpt_best.pt  Wed Sep  2 10:47:07 CST 2026 ---
sched2_comp_s3 [heldout_s3456_ckpt_best] target=tower F_strict=17.85 F_tol2=17.85 tier=strict  DELred=17.85%  Eloss=0.30%  spd_ratio=0.965
--- eval sched2_comp_s3 ckpt_last.pt  Wed Sep  2 10:50:35 CST 2026 ---
sched2_comp_s3 [heldout_s3456_ckpt_last] target=tower F_strict=17.72 F_tol2=17.72 tier=strict  DELred=17.72%  Eloss=0.36%  spd_ratio=0.992
=== sched2_ep_s4  Wed Sep  2 10:54:03 CST 2026 ===
[init] F=-0.01 DELred=-0.01% Eloss=0.00% spd=1.000
[eval] ep 32: F=-2.77 DELred=17.74% Eloss=0.19% spd=1.010 tier=tol2 F_tol2=17.74 (75s)
[sup ] schedule: dbeta_max_R2: 0.05->0.025, dbeta_max_R3: 0.05->0.02 | schedule entry @ep 32
[eval] ep 64: F=15.22 DELred=15.22% Eloss=0.12% spd=0.991 tier=strict F_tol2=15.22 (74s)
[sup ] schedule: no change  [REJECTED] | schedule: no change
[eval] ep 96: F=15.42 DELred=15.42% Eloss=0.13% spd=0.997 tier=strict F_tol2=15.42 (73s)
[sup ] schedule: lambda_load_R3: 1->1.3, w_speed: 20->25, dbeta_max_R2: 0.025->0.05, dbeta_max_R3: 0.02->0.04 | schedule entry @ep 88
[eval] ep 120: F=-14.76 DELred=19.13% Eloss=0.39% spd=1.017 tier=tol2 F_tol2=19.13 (74s)
[sup ] schedule: no change  [REJECTED] | schedule: no change
[sup ] ROLLBACK to best state @ep 96 (F -259.58 < 15.42 - 5.0)
[eval] ep 152: F=15.42 DELred=19.86% Eloss=0.56% spd=1.140 tier=degraded F_tol2=-219.58 (73s)
[sup ] schedule: lambda_load_R2: 1->1.5, lambda_load_R3: 1->2.6, w_power: 220->200, w_speed: 20->50, dbeta_max_R2: 0.025->0.045, dbeta_max_R3: 0.02->0.028 | schedule entry @ep 144
[sup ] ROLLBACK to best state @ep 96 (F -24.60 < 15.42 - 5.0)
[eval] ep 184: F=15.42 DELred=21.12% Eloss=0.41% spd=1.023 tier=degraded F_tol2=15.40 (74s)
[sup ] schedule: no change  [REJECTED] | schedule: no change
[eval] ep 216: F=2.82 DELred=17.93% Eloss=0.17% spd=1.008 tier=tol2 F_tol2=17.93 (73s)
[sup ] schedule: lambda_load_R2: 1->3, lambda_load_R3: 1->2.6, w_power: 220->150, w_speed: 20->50, dbeta_max_R2: 0.025->0.06, dbeta_max_R3: 0.02->0.028 | schedule entry @ep 200
[sup ] ROLLBACK to best state @ep 96 (F -21.50 < 15.42 - 5.0)
[eval] ep 240: F=15.42 DELred=22.23% Eloss=0.66% spd=1.022 tier=degraded F_tol2=18.50 (73s)
[sup ] schedule: no change  [REJECTED] | schedule: no change
[eval] ep 272: F=19.37 DELred=19.37% Eloss=0.19% spd=0.978 tier=strict F_tol2=19.37 (73s)
[sup ] schedule: lambda_load_R2: 1->2, lambda_load_R3: 1->3, w_power: 220->150, w_speed: 20->60, dbeta_max_R2: 0.025->0.06 | schedule entry @ep 256
[eval] ep 300: F=19.12 DELred=19.12% Eloss=0.41% spd=0.979 tier=strict F_tol2=19.12 (73s)
done in 74.5 min -> /Users/mac/wtrl/exp/sched2_ep_s4
--- eval sched2_ep_s4 ckpt_best.pt  Wed Sep  2 12:08:40 CST 2026 ---
sched2_ep_s4 [heldout_s3456_ckpt_best] target=tower F_strict=11.34 F_tol2=11.34 tier=strict  DELred=11.34%  Eloss=0.15%  spd_ratio=0.980
--- eval sched2_ep_s4 ckpt_last.pt  Wed Sep  2 12:12:06 CST 2026 ---
sched2_ep_s4 [heldout_s3456_ckpt_last] target=tower F_strict=14.30 F_tol2=14.30 tier=strict  DELred=14.30%  Eloss=0.33%  spd_ratio=0.969
=== sched2_comp_s4  Wed Sep  2 12:15:32 CST 2026 ===
[init] F=-0.01 DELred=-0.01% Eloss=0.00% spd=1.000
[eval] ep 32: F=-2.77 DELred=17.74% Eloss=0.19% spd=1.010 tier=tol2 F_tol2=17.74 (74s)
[sup ] schedule_comp: dbeta_max_R2: 0.05->0.025, dbeta_max_R3: 0.05->0.02 | schedule_comp entry 1/5 via gate (F -2.8 vs gate -131.2, ep 32 vs donor 32)
[eval] ep 64: F=15.22 DELred=15.22% Eloss=0.12% spd=0.991 tier=strict F_tol2=15.22 (73s)
[sup ] schedule_comp: lambda_load_R3: 1->1.3, w_speed: 20->25, dbeta_max_R2: 0.025->0.05, dbeta_max_R3: 0.02->0.04 | schedule_comp entry 2/5 via gate (F 15.2 vs gate -148.1, ep 64 vs donor 88)
[sup ] ROLLBACK to best state @ep 64 (F -38.19 < 15.22 - 5.0)
[eval] ep 96: F=15.22 DELred=16.24% Eloss=0.32% spd=1.027 tier=degraded F_tol2=1.81 (74s)
[sup ] schedule_comp: no change  [REJECTED] | schedule_comp: waiting for entry 3/5 (F 15.2 < gate 17.5, fallback @ep 204)
[eval] ep 120: F=15.02 DELred=15.02% Eloss=0.16% spd=0.999 tier=strict F_tol2=15.02 (76s)
[sup ] schedule_comp: no change  [REJECTED] | schedule_comp: waiting for entry 3/5 (F 15.0 < gate 17.5, fallback @ep 204)
[sup ] ROLLBACK to best state @ep 64 (F -42.31 < 15.22 - 5.0)
[eval] ep 152: F=15.22 DELred=17.79% Eloss=0.25% spd=1.030 tier=degraded F_tol2=-2.31 (75s)
[sup ] schedule_comp: no change  [REJECTED] | schedule_comp: waiting for entry 3/5 (F 15.2 < gate 17.5, fallback @ep 204)
[eval] ep 184: F=1.15 DELred=17.90% Eloss=0.21% spd=1.008 tier=tol2 F_tol2=17.90 (74s)
[sup ] schedule_comp: no change  [REJECTED] | schedule_comp: waiting for entry 3/5 (F 1.2 < gate 17.5, fallback @ep 204)
[eval] ep 216: F=5.79 DELred=18.99% Eloss=0.28% spd=1.007 tier=tol2 F_tol2=18.99 (73s)
[sup ] schedule_comp: lambda_load_R2: 1->1.5, lambda_load_R3: 1->2.6, w_power: 220->200, w_speed: 20->50, dbeta_max_R2: 0.025->0.045, dbeta_max_R3: 0.02->0.028 | schedule_comp entry 3/5 via max_wait (F 5.8 vs gate 17.5, ep 216 vs donor 144)
[sup ] ROLLBACK to best state @ep 64 (F -45.73 < 15.22 - 5.0)
[eval] ep 240: F=15.22 DELred=23.83% Eloss=0.62% spd=1.035 tier=degraded F_tol2=-5.73 (73s)
[sup ] schedule_comp: no change  [REJECTED] | schedule_comp: waiting for entry 4/5 (F 15.2 < gate 19.0, fallback @ep 260)
[eval] ep 272: F=18.49 DELred=18.49% Eloss=0.16% spd=0.982 tier=strict F_tol2=18.49 (74s)
[sup ] schedule_comp: lambda_load_R2: 1->3, lambda_load_R3: 1->2.6, w_power: 220->150, w_speed: 20->50, dbeta_max_R2: 0.025->0.06, dbeta_max_R3: 0.02->0.028 | schedule_comp entry 4/5 via max_wait (F 18.5 vs gate 19.0, ep 272 vs donor 200)
[eval] ep 300: F=17.05 DELred=17.05% Eloss=0.33% spd=0.963 tier=strict F_tol2=17.05 (74s)
done in 76.5 min -> /Users/mac/wtrl/exp/sched2_comp_s4
--- eval sched2_comp_s4 ckpt_best.pt  Wed Sep  2 13:32:10 CST 2026 ---
sched2_comp_s4 [heldout_s3456_ckpt_best] target=tower F_strict=9.69 F_tol2=9.69 tier=strict  DELred=9.69%  Eloss=0.13%  spd_ratio=0.985
--- eval sched2_comp_s4 ckpt_last.pt  Wed Sep  2 13:35:38 CST 2026 ---
sched2_comp_s4 [heldout_s3456_ckpt_last] target=tower F_strict=9.90 F_tol2=9.90 tier=strict  DELred=9.90%  Eloss=0.25%  spd_ratio=0.953
=== summary ===
                       run                      tag   tgt       F  F_tol2     tier  blade  tower  Eloss    spd  spdMAE
            sched2_comp_s0  heldout_s3456_ckpt_best tower   14.61   14.61   strict   5.67  14.61   0.34  0.960   0.954
            sched2_comp_s0  heldout_s3456_ckpt_last tower -104.73  -64.73 degraded  -0.01   3.89   0.53  1.054   1.037
            sched2_comp_s1  heldout_s3456_ckpt_best tower   20.03   20.03   strict   6.34  20.03   0.54  0.933   0.907
            sched2_comp_s1  heldout_s3456_ckpt_last tower   19.22   19.22   strict   5.96  19.22   0.61  0.954   0.922
            sched2_comp_s2  heldout_s3456_ckpt_best tower   13.37   13.37   strict   2.60  13.37   0.15  0.997   0.994
            sched2_comp_s2  heldout_s3456_ckpt_last tower -222.87 -182.87 degraded  -2.09   6.00   0.17  1.114   1.099
            sched2_comp_s3  heldout_s3456_ckpt_best tower   17.85   17.85   strict   6.43  17.85   0.30  0.965   0.961
            sched2_comp_s3  heldout_s3456_ckpt_last tower   17.72   17.72   strict   7.82  17.72   0.36  0.992   0.987
            sched2_comp_s4  heldout_s3456_ckpt_best tower    9.69    9.69   strict   3.16   9.69   0.13  0.985   0.984
            sched2_comp_s4  heldout_s3456_ckpt_last tower    9.90    9.90   strict   4.12   9.90   0.25  0.953   0.946
              sched2_ep_s0  heldout_s3456_ckpt_best tower   14.06   14.06   strict   4.74  14.06   0.63  0.980   0.964
              sched2_ep_s0  heldout_s3456_ckpt_last tower  -25.10   14.22     tol2   3.21  14.22   0.68  1.020   1.005
              sched2_ep_s1  heldout_s3456_ckpt_best tower   20.09   20.09   strict   6.77  20.09   0.52  0.906   0.875
              sched2_ep_s1  heldout_s3456_ckpt_last tower   20.20   20.20   strict   5.86  20.20   0.61  0.940   0.909
              sched2_ep_s2  heldout_s3456_ckpt_best tower   13.80   13.80   strict   2.90  13.80   0.14  0.993   0.987
              sched2_ep_s2  heldout_s3456_ckpt_last tower   13.15   17.11     tol2   4.45  17.11   0.26  1.002   0.995
              sched2_ep_s3  heldout_s3456_ckpt_best tower   18.78   18.78   strict   7.55  18.78   0.38  0.982   0.979
              sched2_ep_s3  heldout_s3456_ckpt_last tower   18.78   18.78   strict   7.55  18.78   0.38  0.982   0.979
              sched2_ep_s4  heldout_s3456_ckpt_best tower   11.34   11.34   strict   3.30  11.34   0.15  0.980   0.979
              sched2_ep_s4  heldout_s3456_ckpt_last tower   14.30   14.30   strict   4.24  14.30   0.33  0.969   0.966
CAMPAIGN_SCHED2_DONE Wed Sep  2 13:39:06 CST 2026
