=== tq_on2kg_s0  Thu Sep  3 01:21:08 CST 2026 ===
[init] F=0.02 DELred=0.02% Eloss=0.00% spd=1.000
[eval] ep 32: F=-209.23 DELred=-57.56% Eloss=8.58% spd=1.000 tier=degraded F_tol2=-209.23 (75s)
[sup ] ROLLBACK to best state @ep 0 (F -263.59 < 0.02 - 5.0)
[eval] ep 64: F=0.02 DELred=-110.02% Eloss=8.68% spd=1.000 tier=degraded F_tol2=-263.59 (74s)
[sup ] ROLLBACK to best state @ep 0 (F -7767.77 < 0.02 - 5.0)
[eval] ep 96: F=0.02 DELred=-539.87% Eloss=0.71% spd=4.614 tier=degraded F_tol2=-7727.77 (73s)
[sup ] ROLLBACK to best state @ep 0 (F -166.83 < 0.02 - 5.0)
[eval] ep 120: F=0.02 DELred=-25.11% Eloss=8.09% spd=1.000 tier=degraded F_tol2=-166.83 (74s)
[sup ] ROLLBACK to best state @ep 0 (F -164.10 < 0.02 - 5.0)
[eval] ep 152: F=0.02 DELred=6.71% Eloss=6.85% spd=1.027 tier=degraded F_tol2=-124.10 (74s)
[sup ] ROLLBACK to best state @ep 0 (F -9719.37 < 0.02 - 5.0)
[eval] ep 184: F=0.02 DELred=-225.24% Eloss=7.60% spd=5.681 tier=degraded F_tol2=-9679.37 (74s)
[sup ] ROLLBACK to best state @ep 0 (F -716.84 < 0.02 - 5.0)
[eval] ep 216: F=0.02 DELred=7.59% Eloss=6.55% spd=1.307 tier=degraded F_tol2=-676.84 (74s)
[sup ] ROLLBACK to best state @ep 0 (F -10485.95 < 0.02 - 5.0)
[eval] ep 240: F=0.02 DELred=-84.50% Eloss=1.64% spd=6.194 tier=degraded F_tol2=-10445.95 (74s)
[sup ] ROLLBACK to best state @ep 0 (F -149.83 < 0.02 - 5.0)
[eval] ep 272: F=0.02 DELred=11.67% Eloss=6.66% spd=1.024 tier=degraded F_tol2=-109.83 (74s)
[sup ] ROLLBACK to best state @ep 0 (F -6565.04 < 0.02 - 5.0)
[eval] ep 300: F=0.02 DELred=-2.20% Eloss=7.69% spd=4.215 tier=degraded F_tol2=-6525.04 (73s)
done in 75.1 min -> /Users/mac/wtrl/exp/tq_on2kg_s0
--- eval tq_on2kg_s0 ckpt_last.pt  Thu Sep  3 02:36:23 CST 2026 ---
Interrupted system call ; error code 4
Traceback (most recent call last):
BrokenPipeError: [Errno 32] Broken pipe
Traceback (most recent call last):
BrokenPipeError: [Errno 32] Broken pipe
Traceback (most recent call last):
BrokenPipeError: [Errno 32] Broken pipe
Traceback (most recent call last):
BrokenPipeError: [Errno 32] Broken pipe
Traceback (most recent call last):
BrokenPipeError: [Errno 32] Broken pipe
Traceback (most recent call last):
BrokenPipeError: [Errno 32] Broken pipe
Traceback (most recent call last):
BrokenPipeError: [Errno 32] Broken pipe
Traceback (most recent call last):
BrokenPipeError: [Errno 32] Broken pipe
